[backblue.gif]
[fade.gif]
[index.html]
[www.dare-greatly.com/js/s_code.js]
[www.dare-greatly.com/js/vendor/modernizr.min.js]
[www.dare-greatly.com/images/favicon.png]
[www.dare-greatly.com/images/parallels/h_cadillac_dg.jpg]
[s.btstatic.com/tag.js]
[www.dare-greatly.com/js/vendor/libraries.min.js]
[www.dare-greatly.com/js/vendor/foundation.min.js]
[www.dare-greatly.com/js/app.min.js]
[www.dare-greatly.com/js/analytics-all.min.js]
[www.dare-greatly.com/experience-cadillac/xt5/parallels-by-design.html]
[www.dare-greatly.com/css/libraries.min.css]
[www.dare-greatly.com/images/parallels/parallels_poster.jpg]
[www.dare-greatly.com/images/parallels/brigeposter-poster.jpg]
[www.dare-greatly.com/images/parallels/exploration_poster.jpg]
[www.dare-greatly.com/images/parallels/cut-sew-poster.jpg]
[www.dare-greatly.com/images/parallels/insp_mondrian_bg.jpg]
[www.dare-greatly.com/images/parallels/prev.jpg]
[www.dare-greatly.com/images/parallels/next.jpg]
[www.dare-greatly.com/images/parallels/white_swatch.jpg]
[www.dare-greatly.com/images/parallels/blue_swatch.jpg]
[www.dare-greatly.com/images/parallels/black_swatch.jpg]
[www.dare-greatly.com/images/parallels/pure_white_swatch.jpg]
[www.dare-greatly.com/images/parallels/red_swatch.jpg]
[www.dare-greatly.com/images/parallels/cream_swatch.jpg]
[www.dare-greatly.com/images/parallels/last_black_swatch.jpg]
[www.dare-greatly.com/images/parallels/h_inspiration.jpg]
[www.dare-greatly.com/images/parallels/h_exploration.jpg]
[www.dare-greatly.com/images/parallels/h_construction.jpg]
[www.dare-greatly.com/images/parallels/m_crystalwhite.jpg]
[www.dare-greatly.com/images/parallels/m_adriaticblue.jpg]
[www.dare-greatly.com/images/parallels/m_darkgranite.jpg]
[www.dare-greatly.com/images/parallels/m_radiantsilver.jpg]
[www.dare-greatly.com/images/parallels/m_redpassion.jpg]
[www.dare-greatly.com/images/parallels/m_silvercoast.jpg]
[www.dare-greatly.com/images/parallels/m_stellarblack.jpg]
[www.dare-greatly.com/images/parallels/back_top.png]
[www.dare-greatly.com/images/parallels/back_bottom.png]
[www.dare-greatly.com/css/app.min.css]
[www.dare-greatly.com/images/parallels/back_top.jpg]
[www.dare-greatly.com/images/parallels/insp_mondrian.jpg]
[www.dare-greatly.com/experience-cadillac/xt5/parallels-by-design/inspiration.html]
[www.dare-greatly.com/experience-cadillac/xt5/parallels-by-design/exploration.html]
[www.dare-greatly.com/images/parallels/form.jpg]
[www.dare-greatly.com/images/parallels/form_mondrian.jpg]
[www.dare-greatly.com/experience-cadillac/xt5/parallels-by-design/form.html]
[www.dare-greatly.com/images/parallels/color_r.jpg]
[www.dare-greatly.com/images/parallels/color_l.jpg]
[www.dare-greatly.com/experience-cadillac/xt5/parallels-by-design/color.html]
[www.dare-greatly.com/images/parallels/material_mondran.jpg]
[www.dare-greatly.com/images/parallels/material.jpg]
[www.dare-greatly.com/experience-cadillac/xt5/parallels-by-design/material.html]
[www.dare-greatly.com/images/parallels/construction.jpg]
[www.dare-greatly.com/experience-cadillac/xt5/parallels-by-design/construction.html]
[www.dare-greatly.com/images/parallels/signature.jpg]
[www.dare-greatly.com/images/parallels/signature_r.jpg]
[www.dare-greatly.com/experience-cadillac/xt5/parallels-by-design/signature.html]
[www.dare-greatly.com/css/ajax-loader.html]
[www.dare-greatly.com/css/fonts/slick.html]
[www.dare-greatly.com/css/fonts/slickd41d.html]
[www.dare-greatly.com/css/fonts/slick-2.html]
[www.dare-greatly.com/css/fonts/slick-3.html]
[www.dare-greatly.com/css/fonts/slick-4.html]
[www.dare-greatly.com/images/parallels/h_construction.jpg]
